// Jest Snapshot v1, https://goo.gl/fbAQLP

exports[`Brand component matches snapshot 1`] = `
.emotion-0 {
  display: -webkit-box;
  display: -webkit-flex;
  display: -ms-flexbox;
  display: flex;
  -webkit-align-items: center;
  -webkit-box-align: center;
  -ms-flex-align: center;
  align-items: center;
  padding: 12px;
}

.emotion-0 > .logo {
  -webkit-animation: spin infinite 10s linear;
  animation: spin infinite 10s linear;
  height: 36px;
}

.emotion-0 > .title {
  -webkit-animation: fadeIn 2s ease;
  animation: fadeIn 2s ease;
  font-size: 18px;
}

<div
  className="emotion-0"
>
  <img
    alt="logo"
    className="logo"
    src="logo.svg"
  />
  <span
    className="title"
  >
    React Starter Kit
  </span>
</div>
`;
