// Jest Snapshot v1, https://goo.gl/fbAQLP

exports[`should match snapshot 1`] = `
<div
  className="css-10q3nrk-cssClass"
>
  <img
    alt="logo"
    className="logo"
    src="logo.svg"
  />
  <span
    className="title"
  >
    React Starter Kit
  </span>
</div>
`;
