// Jest Snapshot v1, https://goo.gl/fbAQLP

exports[`should match snapshot 1`] = `
<Loader
  color="#e8e8e8"
  size={60}
>
  <styled(ComponentLoaderContainer)
    color="#e8e8e8"
    size={60}
  >
    <div
      className="css-LoaderContainer-17fo30n vars-1hjfu8r"
      color="#e8e8e8"
      size={60}
    >
      <div>
        <div />
        <div />
      </div>
    </div>
  </styled(ComponentLoaderContainer)>
</Loader>
`;
