// Jest Snapshot v1, https://goo.gl/fbAQLP

exports[`Anchor matches snapshot 1`] = `
<a
  href="https://github.com/xiaofan2406/react-starter-kit"
  rel="noopener noreferrer"
  target="_blank"
>
  link
</a>
`;
