// Jest Snapshot v1, https://goo.gl/fbAQLP

exports[`should match snapshot 1`] = `
<Loader>
  <div
    className="css-nsl2u4-cssClass"
  >
    <div>
      <div />
      <div />
    </div>
  </div>
</Loader>
`;
