// Jest Snapshot v1, https://goo.gl/fbAQLP

exports[`should match snapshot 1`] = `
<Loader
  color="#00bcd4"
  size={120}
/>
`;
