// Jest Snapshot v1, https://goo.gl/fbAQLP

exports[`should match snapshot 1`] = `
.emotion-0 {
  font-size: 48px;
}

<div
  className="emotion-0"
>
  Hello world!
</div>
`;
