// Jest Snapshot v1, https://goo.gl/fbAQLP

exports[`should match snapshot 1`] = `
<div>
  <NavLink
    activeClassName="css-rg4nls"
    ariaCurrent="true"
    className="css-1xa38ke"
    exact={true}
    to="/"
  >
    Home
  </NavLink>
  <NavLink
    activeClassName="css-rg4nls"
    ariaCurrent="true"
    className="css-1xa38ke"
    to="/about"
  >
    About
  </NavLink>
  <NavLink
    activeClassName="css-rg4nls"
    ariaCurrent="true"
    className="css-1xa38ke"
    to="/contact"
  >
    Contact
  </NavLink>
</div>
`;
