// Jest Snapshot v1, https://goo.gl/fbAQLP

exports[`NotFound component matches snapshot 1`] = `
<div>
  404 Nothing here. Go to 
  <a
    aria-current="page"
    href="/"
  >
    homepage
  </a>
</div>
`;
